SQL> -- WAQTD NAME OF THE EMPLOYEE AND HIS MANAGER'S NAME IF EMPLOYEE IS WORKING AS CLERK
SQL> SELECT E.ENAME,M.ENAME
  2  FROM EMP E,EMP M
  3  WHERE E.MGR = M.EMPNO
  4  AND E.JOB = 'CLERK';

ENAME      ENAME                                                                                                                                                                                                                                                                                                                                                                                                                                                                                                                                                                                                                                                                                                                                                                                                                                                                                                                                                                                                                        
---------- ----------                                                                                                                                                                                                                                                                                                                                                                                                                                                                                                                                                                                                                                                                                                                                                                                                                                                                                                                                                                                                                   
JAMES      BLAKE                                                                                                                                                                                                                                                                                                                                                                                                                                                                                                                                                                                                                                                                                                                                                                                                                                                                                                                                                                                                                        
MILLER     CLARK                                                                                                                                                                                                                                                                                                                                                                                                                                                                                                                                                                                                                                                                                                                                                                                                                                                                                                                                                                                                                        
ADAMS      SCOTT                                                                                                                                                                                                                                                                                                                                                                                                                                                                                                                                                                                                                                                                                                                                                                                                                                                                                                                                                                                                                        
SMITH      FORD                                                                                                                                                                                                                                                                                                                                                                                                                                                                                                                                                                                                                                                                                                                                                                                                                                                                                                                                                                                                                         

SQL> -- WAQTD NAME OF THE EMPLOYEE AND MANAGER'S DESIGNATION IF MANAGER WORKS IN DEPT 10 OR 20
SQL> SELECT E.ENAME "EMP_NAME",M.JOB "MANAGER_DESIGNATION"
  2  FROM EMP E,EMP M
  3  WHERE E.MGR = M.EMPNO
  4  AND M.DEPTNO IN (10,20);

EMP_NAME   MANAGER_D                                                                                                                                                                                                                                                                                                                                                                                                                                                                                                                                                                                                                                                                                                                                                                                                                                                                                                                                                                                                                    
---------- ---------                                                                                                                                                                                                                                                                                                                                                                                                                                                                                                                                                                                                                                                                                                                                                                                                                                                                                                                                                                                                                    
JONES      PRESIDENT                                                                                                                                                                                                                                                                                                                                                                                                                                                                                                                                                                                                                                                                                                                                                                                                                                                                                                                                                                                                                    
BLAKE      PRESIDENT                                                                                                                                                                                                                                                                                                                                                                                                                                                                                                                                                                                                                                                                                                                                                                                                                                                                                                                                                                                                                    
CLARK      PRESIDENT                                                                                                                                                                                                                                                                                                                                                                                                                                                                                                                                                                                                                                                                                                                                                                                                                                                                                                                                                                                                                    
SCOTT      MANAGER                                                                                                                                                                                                                                                                                                                                                                                                                                                                                                                                                                                                                                                                                                                                                                                                                                                                                                                                                                                                                      
ADAMS      ANALYST                                                                                                                                                                                                                                                                                                                                                                                                                                                                                                                                                                                                                                                                                                                                                                                                                                                                                                                                                                                                                      
FORD       MANAGER                                                                                                                                                                                                                                                                                                                                                                                                                                                                                                                                                                                                                                                                                                                                                                                                                                                                                                                                                                                                                      
MILLER     MANAGER                                                                                                                                                                                                                                                                                                                                                                                                                                                                                                                                                                                                                                                                                                                                                                                                                                                                                                                                                                                                                      
SMITH      ANALYST                                                                                                                                                                                                                                                                                                                                                                                                                                                                                                                                                                                                                                                                                                                                                                                                                                                                                                                                                                                                                      

8 rows selected.

SQL> -- WAQTD NAME OF THE EMP AND MANAGERS SALARY IF EMPLOYEE AND MANAGER BOTH EARN MORE THAN 2300
SQL> SELECT E.ENAME "EMP_NAME", M.SAL "MANAGER_SAL"
  2  FROM EMP E, EMP M
  3  WHERE E.MGR = M.EMPNO
  4  AND E.SAL > 2300 AND M.SAL > 2300;

EMP_NAME   MANAGER_SAL                                                                                                                                                                                                                                                                                                                                                                                                                                                                                                                                                                                                                                                                                                                                                                                                                                                                                                                                                                                                                  
---------- -----------                                                                                                                                                                                                                                                                                                                                                                                                                                                                                                                                                                                                                                                                                                                                                                                                                                                                                                                                                                                                                  
FORD              2975                                                                                                                                                                                                                                                                                                                                                                                                                                                                                                                                                                                                                                                                                                                                                                                                                                                                                                                                                                                                                  
SCOTT             2975                                                                                                                                                                                                                                                                                                                                                                                                                                                                                                                                                                                                                                                                                                                                                                                                                                                                                                                                                                                                                  
CLARK             5000                                                                                                                                                                                                                                                                                                                                                                                                                                                                                                                                                                                                                                                                                                                                                                                                                                                                                                                                                                                                                  
BLAKE             5000                                                                                                                                                                                                                                                                                                                                                                                                                                                                                                                                                                                                                                                                                                                                                                                                                                                                                                                                                                                                                  
JONES             5000                                                                                                                                                                                                                                                                                                                                                                                                                                                                                                                                                                                                                                                                                                                                                                                                                                                                                                                                                                                                                  

SQL> -- WAQTD EMP NAME AND MANAGER'S HIREDATE IF EMPLOYEE WAS HIRED BEFORE 1982
SQL> SELECT E.ENAME "EMP_NAME", M.HIREDATE "MGR_HIREDATE"
  2  FROM EMP E,EMP M
  3  WHERE EMP.MGR = M.EMPNO
  4  AND EMP.HIREDATE < DATE '1981-01-01';
AND EMP.HIREDATE < DATE '1981-01-01'
    *
ERROR at line 4:
ORA-00904: "EMP"."HIREDATE": invalid identifier 


SQL> SELECT E.ENAME "EMP_NAME", M.HIREDATE "MGR_HIREDATE"
  2  FROM EMP E,EMP M
  3  WHERE E.MGR = M.EMPNO
  4  AND E.HIREDATE < DATE '1981-01-01';

EMP_NAME   MGR_HIRED                                                                                                                                                                                                                                                                                                                                                                                                                                                                                                                                                                                                                                                                                                                                                                                                                                                                                                                                                                                                                    
---------- ---------                                                                                                                                                                                                                                                                                                                                                                                                                                                                                                                                                                                                                                                                                                                                                                                                                                                                                                                                                                                                                    
SMITH      03-DEC-81                                                                                                                                                                                                                                                                                                                                                                                                                                                                                                                                                                                                                                                                                                                                                                                                                                                                                                                                                                                                                    

SQL> -- WAQTD EMP NAME AND MANAGER'S COMM IF EMPLOYEE WORKS AS SALESMAN AND MANAGER WORKS IN DEPT 30
SQL> SELECT E.ENAME "EMP_NAME", M.COMM "MGR_COMM"
  2  FROM EMP E,EMP M
  3  WHERE E.MGR = M.EMPNO
  4  AND E.JOB = 'SALESMAN' AND M.DEPTNO = 30;

EMP_NAME     MGR_COMM                                                                                                                                                                                                                                                                                                                                                                                                                                                                                                                                                                                                                                                                                                                                                                                                                                                                                                                                                                                                                   
---------- ----------                                                                                                                                                                                                                                                                                                                                                                                                                                                                                                                                                                                                                                                                                                                                                                                                                                                                                                                                                                                                                   
TURNER                                                                                                                                                                                                                                                                                                                                                                                                                                                                                                                                                                                                                                                                                                                                                                                                                                                                                                                                                                                                                                  
MARTIN                                                                                                                                                                                                                                                                                                                                                                                                                                                                                                                                                                                                                                                                                                                                                                                                                                                                                                                                                                                                                                  
WARD                                                                                                                                                                                                                                                                                                                                                                                                                                                                                                                                                                                                                                                                                                                                                                                                                                                                                                                                                                                                                                    
ALLEN                                                                                                                                                                                                                                                                                                                                                                                                                                                                                                                                                                                                                                                                                                                                                                                                                                                                                                                                                                                                                                   

SQL> -- WAQTD EMP NAME AND MANAGER NAME AND THEIR SALARIES IF EMPLOYEE EARNS MORE THAN MANAGER
SQL> SELECT E.ENAME "EMP_NAME", M.ENAME "MGR_NAME"
  2  FROM EMP E,EMP M
  3  
SQL> ED
Wrote file afiedt.buf

  1* SELECT E.ENAME "EMP_NAME", M.ENAME "MGR_NAME",E.SAL "EMP_SAL,M.SAL "MGR_SAL"
SQL> FROM EMP E,EMP M
SP2-0734: unknown command beginning "FROM EMP E..." - rest of line ignored.
SQL> SELECT E.ENAME "EMP_NAME", M.ENAME "MGR_NAME",E.SAL "EMP_SAL,M.SAL "MGR_SAL"
  2  FROM EMP E,EMP M
  3  WHERE E.MGR = M.EMPNO
  4  AND E.SAL > M.SAL;
ERROR:
ORA-01740: missing double quote in identifier 


SQL> SELECT E.ENAME "EMP_NAME", M.ENAME "MGR_NAME",E.SAL "EMP_SAL",M.SAL "MGR_SAL"
  2  FROM EMP E,EMP M
  3  WHERE E.MGR = M.EMPNO
  4  AND E.SAL > M.SAL;

EMP_NAME   MGR_NAME      EMP_SAL    MGR_SAL                                                                                                                                                                                                                                                                                                                                                                                                                                                                                                                                                                                                                                                                                                                                                                                                                                                                                                                                                                                             
---------- ---------- ---------- ----------                                                                                                                                                                                                                                                                                                                                                                                                                                                                                                                                                                                                                                                                                                                                                                                                                                                                                                                                                                                             
FORD       JONES            3000       2975                                                                                                                                                                                                                                                                                                                                                                                                                                                                                                                                                                                                                                                                                                                                                                                                                                                                                                                                                                                             
SCOTT      JONES            3000       2975                                                                                                                                                                                                                                                                                                                                                                                                                                                                                                                                                                                                                                                                                                                                                                                                                                                                                                                                                                                             

SQL> -- WAQTD EMP NAME AND HIREDATE, MANAGER NAME AND HIREDATE IF MANAGER WAS HIRED BEFORE EMPLOYEE
SQL> SELECT E.ENAME "EMP_NAME",E.HIREDATE "EMP_HIREDATE",M.ENAME "MGR_NAME",M.HIREDATE "MGR_HIREDATE"
  2  FROM EMP E,EMP M
  3  WHERE E.MGR = M.EMPNO
  4  AND M.HIRDATE < E.HIREDATE;
AND M.HIRDATE < E.HIREDATE
    *
ERROR at line 4:
ORA-00904: "M"."HIRDATE": invalid identifier 


SQL> SELECT E.ENAME "EMP_NAME",E.HIREDATE "EMP_HIREDATE",M.ENAME "MGR_NAME",M.HIREDATE "MGR_HIREDATE"
  2  FROM EMP E,EMP M
  3  WHERE E.MGR = M.EMPNO
  4  AND M.HIREDATE < E.HIREDATE;

EMP_NAME   EMP_HIRED MGR_NAME   MGR_HIRED                                                                                                                                                                                                                                                                                                                                                                                                                                                                                                                                                                                                                                                                                                                                                                                                                                                                                                                                                                                               
---------- --------- ---------- ---------                                                                                                                                                                                                                                                                                                                                                                                                                                                                                                                                                                                                                                                                                                                                                                                                                                                                                                                                                                                               
FORD       03-DEC-81 JONES      02-APR-81                                                                                                                                                                                                                                                                                                                                                                                                                                                                                                                                                                                                                                                                                                                                                                                                                                                                                                                                                                                               
SCOTT      19-APR-87 JONES      02-APR-81                                                                                                                                                                                                                                                                                                                                                                                                                                                                                                                                                                                                                                                                                                                                                                                                                                                                                                                                                                                               
JAMES      03-DEC-81 BLAKE      01-MAY-81                                                                                                                                                                                                                                                                                                                                                                                                                                                                                                                                                                                                                                                                                                                                                                                                                                                                                                                                                                                               
TURNER     08-SEP-81 BLAKE      01-MAY-81                                                                                                                                                                                                                                                                                                                                                                                                                                                                                                                                                                                                                                                                                                                                                                                                                                                                                                                                                                                               
MARTIN     28-SEP-81 BLAKE      01-MAY-81                                                                                                                                                                                                                                                                                                                                                                                                                                                                                                                                                                                                                                                                                                                                                                                                                                                                                                                                                                                               
MILLER     23-JAN-82 CLARK      09-JUN-81                                                                                                                                                                                                                                                                                                                                                                                                                                                                                                                                                                                                                                                                                                                                                                                                                                                                                                                                                                                               
ADAMS      23-MAY-87 SCOTT      19-APR-87                                                                                                                                                                                                                                                                                                                                                                                                                                                                                                                                                                                                                                                                                                                                                                                                                                                                                                                                                                                               

7 rows selected.

SQL> -- WAQTD EMP NAME AND MANAGER NAME IF BOTH ARE WORKING IN SAME JOB
SQL> SELECT E.ENAME "EMP_NAME",M.ENAME "MGR_NAME"
  2  FROM EMP E,MGR M
  3  WHERE E.MGR = M.EMPNO
  4  AND E.JOB = M.JOB;
FROM EMP E,MGR M
           *
ERROR at line 2:
ORA-00942: table or view does not exist 


SQL> SELECT E.ENAME "EMP_NAME",M.ENAME "MGR_NAME"
  2  FROM EMP E,EMP M
  3  WHERE E.MGR = M.EMPNO
  4  AND E.JOB = M.JOB;

no rows selected

SQL> -- WAQTD EMP NAME AND MANAGER NAME IF MANAGER IS WORKING AS ACTUAL MANAGER
SQL> SELECT E.ENAME "EMP_NAME", M.ENAME "MGR_NAME"
  2  FROM EMP E, EMP M
  3  WHERE E.MGR = M.EMPNO
  4  AND M.JOB = 'MANAGER';

EMP_NAME   MGR_NAME                                                                                                                                                                                                                                                                                                                                                                                                                                                                                                                                                                                                                                                                                                                                                                                                                                                                                                                                                                                                                     
---------- ----------                                                                                                                                                                                                                                                                                                                                                                                                                                                                                                                                                                                                                                                                                                                                                                                                                                                                                                                                                                                                                   
ALLEN      BLAKE                                                                                                                                                                                                                                                                                                                                                                                                                                                                                                                                                                                                                                                                                                                                                                                                                                                                                                                                                                                                                        
WARD       BLAKE                                                                                                                                                                                                                                                                                                                                                                                                                                                                                                                                                                                                                                                                                                                                                                                                                                                                                                                                                                                                                        
MARTIN     BLAKE                                                                                                                                                                                                                                                                                                                                                                                                                                                                                                                                                                                                                                                                                                                                                                                                                                                                                                                                                                                                                        
SCOTT      JONES                                                                                                                                                                                                                                                                                                                                                                                                                                                                                                                                                                                                                                                                                                                                                                                                                                                                                                                                                                                                                        
TURNER     BLAKE                                                                                                                                                                                                                                                                                                                                                                                                                                                                                                                                                                                                                                                                                                                                                                                                                                                                                                                                                                                                                        
JAMES      BLAKE                                                                                                                                                                                                                                                                                                                                                                                                                                                                                                                                                                                                                                                                                                                                                                                                                                                                                                                                                                                                                        
FORD       JONES                                                                                                                                                                                                                                                                                                                                                                                                                                                                                                                                                                                                                                                                                                                                                                                                                                                                                                                                                                                                                        
MILLER     CLARK                                                                                                                                                                                                                                                                                                                                                                                                                                                                                                                                                                                                                                                                                                                                                                                                                                                                                                                                                                                                                        

8 rows selected.

SQL> -- WAQTD EMP NAME AND MANAGER NAME ALONG WITH THEIR ANNUAL SALARIES IF EMPLOYEE WORKS IN DEPT 10, 20 AND MANAGER'S SAL IS GREATER THAN EMPLOYEES SALARY.
SQL> SELECT E.ENAME "EMP_NAME",
  2         M.ENAME "MGR_NAME",
  3         E.SAL*12 "EMP_ANN_SAL",
  4         M.SAL*12 "MGR_ANN_SAL"
  5  FROM EMP E, EMP M
  6  WHERE E.MGR = M.EMPNO
  7  AND E.DEPTNO IN (10, 20)
  8  AND M.SAL > E.SAL;

EMP_NAME   MGR_NAME   EMP_ANN_SAL MGR_ANN_SAL                                                                                                                                                                                                                                                                                                                                                                                                                                                                                                                                                                                                                                                                                                                                                                                                                                                                                                                                                                                           
---------- ---------- ----------- -----------                                                                                                                                                                                                                                                                                                                                                                                                                                                                                                                                                                                                                                                                                                                                                                                                                                                                                                                                                                                           
MILLER     CLARK            15600       29400                                                                                                                                                                                                                                                                                                                                                                                                                                                                                                                                                                                                                                                                                                                                                                                                                                                                                                                                                                                           
ADAMS      SCOTT            13200       36000                                                                                                                                                                                                                                                                                                                                                                                                                                                                                                                                                                                                                                                                                                                                                                                                                                                                                                                                                                                           
CLARK      KING             29400       60000                                                                                                                                                                                                                                                                                                                                                                                                                                                                                                                                                                                                                                                                                                                                                                                                                                                                                                                                                                                           
JONES      KING             35700       60000                                                                                                                                                                                                                                                                                                                                                                                                                                                                                                                                                                                                                                                                                                                                                                                                                                                                                                                                                                                           
SMITH      FORD              9600       36000                                                                                                                                                                                                                                                                                                                                                                                                                                                                                                                                                                                                                                                                                                                                                                                                                                                                                                                                                                                           

SQL> -- WAQTD EMPLOYEE'S NAME AND MANAGER'S DESIGNATION FOR ALL THE EMPLOYEES
SQL> SELECT E.ENAME "EMP_NAME",M.JOB "MGR_DESIGNATION"
  2  FROM EMP E,EMP M
  3  WHERE E.MGR = M.EMPNO;

EMP_NAME   MGR_DESIG                                                                                                                                                                                                                                                                                                                                                                                                                                                                                                                                                                                                                                                                                                                                                                                                                                                                                                                                                                                                                    
---------- ---------                                                                                                                                                                                                                                                                                                                                                                                                                                                                                                                                                                                                                                                                                                                                                                                                                                                                                                                                                                                                                    
FORD       MANAGER                                                                                                                                                                                                                                                                                                                                                                                                                                                                                                                                                                                                                                                                                                                                                                                                                                                                                                                                                                                                                      
SCOTT      MANAGER                                                                                                                                                                                                                                                                                                                                                                                                                                                                                                                                                                                                                                                                                                                                                                                                                                                                                                                                                                                                                      
JAMES      MANAGER                                                                                                                                                                                                                                                                                                                                                                                                                                                                                                                                                                                                                                                                                                                                                                                                                                                                                                                                                                                                                      
TURNER     MANAGER                                                                                                                                                                                                                                                                                                                                                                                                                                                                                                                                                                                                                                                                                                                                                                                                                                                                                                                                                                                                                      
MARTIN     MANAGER                                                                                                                                                                                                                                                                                                                                                                                                                                                                                                                                                                                                                                                                                                                                                                                                                                                                                                                                                                                                                      
WARD       MANAGER                                                                                                                                                                                                                                                                                                                                                                                                                                                                                                                                                                                                                                                                                                                                                                                                                                                                                                                                                                                                                      
ALLEN      MANAGER                                                                                                                                                                                                                                                                                                                                                                                                                                                                                                                                                                                                                                                                                                                                                                                                                                                                                                                                                                                                                      
MILLER     MANAGER                                                                                                                                                                                                                                                                                                                                                                                                                                                                                                                                                                                                                                                                                                                                                                                                                                                                                                                                                                                                                      
ADAMS      ANALYST                                                                                                                                                                                                                                                                                                                                                                                                                                                                                                                                                                                                                                                                                                                                                                                                                                                                                                                                                                                                                      
CLARK      PRESIDENT                                                                                                                                                                                                                                                                                                                                                                                                                                                                                                                                                                                                                                                                                                                                                                                                                                                                                                                                                                                                                    
BLAKE      PRESIDENT                                                                                                                                                                                                                                                                                                                                                                                                                                                                                                                                                                                                                                                                                                                                                                                                                                                                                                                                                                                                                    
JONES      PRESIDENT                                                                                                                                                                                                                                                                                                                                                                                                                                                                                                                                                                                                                                                                                                                                                                                                                                                                                                                                                                                                                    
SMITH      ANALYST                                                                                                                                                                                                                                                                                                                                                                                                                                                                                                                                                                                                                                                                                                                                                                                                                                                                                                                                                                                                                      

13 rows selected.

SQL> -- WAQTD EMPLOYEE'S NAME AND MANAGER'S SALARY FOR ALL THE EMPLOYEES IF MANAGER'S SALARY ENDS WITH 50
SQL> SELECT E.ENAME "EMP_NAME", M.SAL "MGR_SAL"
  2  FROM EMP E,EMP M
  3  WHERE E.MGR = M.EMPNO
  4  AND TO_CHAR(M.SAL) LIKE '%50';

EMP_NAME      MGR_SAL                                                                                                                                                                                                                                                                                                                                                                                                                                                                                                                                                                                                                                                                                                                                                                                                                                                                                                                                                                                                                   
---------- ----------                                                                                                                                                                                                                                                                                                                                                                                                                                                                                                                                                                                                                                                                                                                                                                                                                                                                                                                                                                                                                   
ALLEN            2850                                                                                                                                                                                                                                                                                                                                                                                                                                                                                                                                                                                                                                                                                                                                                                                                                                                                                                                                                                                                                   
WARD             2850                                                                                                                                                                                                                                                                                                                                                                                                                                                                                                                                                                                                                                                                                                                                                                                                                                                                                                                                                                                                                   
MARTIN           2850                                                                                                                                                                                                                                                                                                                                                                                                                                                                                                                                                                                                                                                                                                                                                                                                                                                                                                                                                                                                                   
TURNER           2850                                                                                                                                                                                                                                                                                                                                                                                                                                                                                                                                                                                                                                                                                                                                                                                                                                                                                                                                                                                                                   
JAMES            2850                                                                                                                                                                                                                                                                                                                                                                                                                                                                                                                                                                                                                                                                                                                                                                                                                                                                                                                                                                                                                   
MILLER           2450                                                                                                                                                                                                                                                                                                                                                                                                                                                                                                                                                                                                                                                                                                                                                                                                                                                                                                                                                                                                                   

6 rows selected.

SQL> SPOOL OFF
